******************************************************************************
                  TI ARM Linker PC v5.2.2                      
******************************************************************************
>> Linked Thu Jun 22 00:03:32 2017

OUTPUT FILE NAME:   <OLED.out>
ENTRY POINT SYMBOL: "_c_int00"  address: 0000112d


MEMORY CONFIGURATION

         name            origin    length      used     unused   attr    fill
----------------------  --------  ---------  --------  --------  ----  --------
  FLASH                 00000000   00040000  0000236e  0003dc92  R  X
  SRAM                  20000000   00008000  0000103f  00006fc1  RW X


SEGMENT ALLOCATION MAP

run origin  load origin   length   init length attrs members
----------  ----------- ---------- ----------- ----- -------
00000000    00000000    00002370   00002370    r-x
  00000000    00000000    0000026c   0000026c    r-- .intvecs
  0000026c    0000026c    0000115e   0000115e    r-x .text
  000013cc    000013cc    000006ec   000006ec    r-- .const
  00001ab8    00001ab8    000008b8   000008b8    r-- .cinit
20000000    20000000    00001040   00000000    rw-
  20000000    20000000    00000e3f   00000000    rw- .data
  20000e40    20000e40    00000200   00000000    rw- .stack


SECTION ALLOCATION MAP

 output                                  attributes/
section   page    origin      length       input sections
--------  ----  ----------  ----------   ----------------
.intvecs   0    00000000    0000026c     
                  00000000    0000026c     tm4c123gh6pm_startup_ccs.obj (.intvecs)

.text      0    0000026c    0000115e     
                  0000026c    00000870     OLED.obj (.text)
                  00000adc    00000132     driverlib.lib : gpio.obj (.text:GPIOPadConfigSet)
                  00000c0e    00000002     --HOLE-- [fill = 0]
                  00000c10    00000128     buttons.obj (.text)
                  00000d38    00000110     driverlib.lib : sysctl.obj (.text:SysCtlClockGet)
                  00000e48    000000f4                   : sysctl.obj (.text:SysCtlClockSet)
                  00000f3c    0000009c     rtsv7M4_T_le_v4SPD16_eabi.lib : memcpy_t2.obj (.text)
                  00000fd8    0000007a                                   : memset_t2.obj (.text)
                  00001052    00000002     --HOLE-- [fill = 0]
                  00001054    0000006c                                   : autoinit.obj (.text)
                  000010c0    0000006a                                   : copy_decompress_rle.obj (.text)
                  0000112a    00000002     --HOLE-- [fill = 0]
                  0000112c    00000050                                   : boot.obj (.text)
                  0000117c    0000004c     driverlib.lib : i2c.obj (.text:I2CMasterInitExpClk)
                  000011c8    0000004c     rtsv7M4_T_le_v4SPD16_eabi.lib : cpy_tbl.obj (.text)
                  00001214    00000048     driverlib.lib : gpio.obj (.text:GPIOPinConfigure)
                  0000125c    00000044     rtsv7M4_T_le_v4SPD16_eabi.lib : exit.obj (.text)
                  000012a0    00000034     driverlib.lib : sysctl.obj (.text:SysCtlPeripheralEnable)
                  000012d4    0000002a                   : gpio.obj (.text:GPIODirModeSet)
                  000012fe    00000018                   : gpio.obj (.text:GPIOPinTypeGPIOOutput)
                  00001316    00000002     --HOLE-- [fill = 0]
                  00001318    00000018     rtsv7M4_T_le_v4SPD16_eabi.lib : args_main.obj (.text)
                  00001330    00000014                                   : _lock.obj (.text)
                  00001344    00000012     driverlib.lib : gpio.obj (.text:GPIOPinTypeI2C)
                  00001356    00000012                   : gpio.obj (.text:GPIOPinTypeI2CSCL)
                  00001368    00000010                   : i2c.obj (.text:I2CSlaveEnable)
                  00001378    0000000e     rtsv7M4_T_le_v4SPD16_eabi.lib : copy_decompress_none.obj (.text:decompress:none)
                  00001386    0000000c     tm4c123gh6pm_startup_ccs.obj (.text)
                  00001392    0000000a     driverlib.lib : i2c.obj (.text:I2CMasterEnable)
                  0000139c    00000008                   : i2c.obj (.text:I2CMasterBusy)
                  000013a4    00000008                   : i2c.obj (.text:I2CMasterSlaveAddrSet)
                  000013ac    00000006                   : gpio.obj (.text:GPIOPinWrite)
                  000013b2    00000006                   : sysctl.obj (.text:SysCtlDelay)
                  000013b8    00000006     rtsv7M4_T_le_v4SPD16_eabi.lib : copy_decompress_rle.obj (.text:decompress:rle24)
                  000013be    00000004     driverlib.lib : i2c.obj (.text:I2CMasterControl)
                  000013c2    00000004                   : i2c.obj (.text:I2CMasterDataPut)
                  000013c6    00000004     rtsv7M4_T_le_v4SPD16_eabi.lib : pre_init.obj (.text)

.const     0    000013cc    000006ec     
                  000013cc    000005f0     OLED.obj (.const:.string:F8X16)
                  000019bc    00000090     driverlib.lib : gpio.obj (.const:g_pui32GPIOBaseAddrs)
                  00001a4c    0000006c                   : sysctl.obj (.const:g_pui32Xtals)

.cinit     0    00001ab8    000008b8     
                  00001ab8    000008a6     (.cinit..data.load) [load image, compression = rle]
                  0000235e    00000002     --HOLE-- [fill = 0]
                  00002360    00000008     (__TI_handler_table)
                  00002368    00000008     (__TI_cinit_table)

.init_array 
*          0    00000000    00000000     UNINITIALIZED

.data      0    20000000    00000e3f     UNINITIALIZED
                  20000000    00000400     OLED.obj (.data:BMP1)
                  20000400    00000400     OLED.obj (.data:BMP2)
                  20000800    00000400     OLED.obj (.data:F16x16)
                  20000c00    00000228     OLED.obj (.data:F6x8)
                  20000e28    00000008     rtsv7M4_T_le_v4SPD16_eabi.lib : _lock.obj (.data)
                  20000e30    00000008                                   : exit.obj (.data)
                  20000e38    00000004                                   : stkdepth_vars.obj (.data)
                  20000e3c    00000003     buttons.obj (.data)

.TI.persistent 
*          0    20000000    00000000     UNINITIALIZED

.stack     0    20000e40    00000200     UNINITIALIZED
                  20000e40    00000200     --HOLE--


LINKER GENERATED COPY TABLES

__TI_cinit_table @ 00002368 records: 1, size/record: 8, table size: 8
	.data: load addr=00001ab8, load size=000008a6 bytes, run addr=20000000, run size=00000e3f bytes, compression=rle


LINKER GENERATED HANDLER TABLE

__TI_handler_table @ 00002360 records: 2, size/record: 4, table size: 8
	index: 0, handler: __TI_decompress_rle24
	index: 1, handler: __TI_decompress_none


GLOBAL SYMBOLS: SORTED ALPHABETICALLY BY Name 

address   name                    
-------   ----                    
20000000  BMP1                    
20000400  BMP2                    
00000cb7  ButtonsInit             
00000c11  ButtonsPoll             
0000125d  C$$EXIT                 
000008b5  Draw_BMP                
20000800  F16x16                  
20000c00  F6x8                    
000013cc  F8X16                   
000012d5  GPIODirModeSet          
000002a1  GPIOINIT                
00000add  GPIOPadConfigSet        
00001215  GPIOPinConfigure        
000012ff  GPIOPinTypeGPIOOutput   
00001345  GPIOPinTypeI2C          
00001357  GPIOPinTypeI2CSCL       
000013ad  GPIOPinWrite            
0000139d  I2CMasterBusy           
000013bf  I2CMasterControl        
000013c3  I2CMasterDataPut        
00001393  I2CMasterEnable         
0000117d  I2CMasterInitExpClk     
000013a5  I2CMasterSlaveAddrSet   
00001369  I2CSlaveEnable          
000002b9  I2C_INIT                
00000311  IIC_Start               
00000345  IIC_Stop                
0000054b  OLED_CLS                
000004e3  OLED_Fill               
000005b5  OLED_Init               
0000081b  OLED_P16x16Ch           
00000681  OLED_P6x8Str            
0000072d  OLED_P8x16Str           
000004a9  OLED_Set_Pos            
00000461  OLED_WrCmd              
00000409  OLED_WrDat              
00001387  ResetISR                
UNDEFED   SHT$$INIT_ARRAY$$Base   
UNDEFED   SHT$$INIT_ARRAY$$Limit  
00000d39  SysCtlClockGet          
00000e49  SysCtlClockSet          
000013b3  SysCtlDelay             
000012a1  SysCtlPeripheralEnable  
00000379  Write_IIC_Byte          
20001040  __STACK_END             
00000200  __STACK_SIZE            
20001040  __STACK_TOP             
00002368  __TI_CINIT_Base         
00002370  __TI_CINIT_Limit        
00002360  __TI_Handler_Table_Base 
00002368  __TI_Handler_Table_Limit
00001055  __TI_auto_init          
20000e30  __TI_cleanup_ptr        
00001379  __TI_decompress_none    
000013b9  __TI_decompress_rle24   
20000e34  __TI_dtors_ptr          
00000000  __TI_static_base__      
00000fd9  __aeabi_memclr          
00000fd9  __aeabi_memclr4         
00000fd9  __aeabi_memclr8         
00000f3d  __aeabi_memcpy          
00000f3d  __aeabi_memcpy4         
00000f3d  __aeabi_memcpy8         
00000fdb  __aeabi_memset          
00000fdb  __aeabi_memset4         
00000fdb  __aeabi_memset8         
ffffffff  __binit__               
ffffffff  __c_args__              
20000e40  __stack                 
00001319  _args_main              
0000112d  _c_int00                
20000e28  _lock                   
0000133f  _nop                    
00001337  _register_lock          
00001331  _register_unlock        
000013c7  _system_pre_init        
20000e2c  _unlock                 
00001261  abort                   
ffffffff  binit                   
000011c9  copy_in                 
0000026d  delay                   
00001269  exit                    
00000000  g_pfnVectors            
00000965  main                    
20000e38  main_func_sp            
00000f3d  memcpy                  
00000fe1  memset                  


GLOBAL SYMBOLS: SORTED BY Symbol Address 

address   name                    
-------   ----                    
00000000  __TI_static_base__      
00000000  g_pfnVectors            
00000200  __STACK_SIZE            
0000026d  delay                   
000002a1  GPIOINIT                
000002b9  I2C_INIT                
00000311  IIC_Start               
00000345  IIC_Stop                
00000379  Write_IIC_Byte          
00000409  OLED_WrDat              
00000461  OLED_WrCmd              
000004a9  OLED_Set_Pos            
000004e3  OLED_Fill               
0000054b  OLED_CLS                
000005b5  OLED_Init               
00000681  OLED_P6x8Str            
0000072d  OLED_P8x16Str           
0000081b  OLED_P16x16Ch           
000008b5  Draw_BMP                
00000965  main                    
00000add  GPIOPadConfigSet        
00000c11  ButtonsPoll             
00000cb7  ButtonsInit             
00000d39  SysCtlClockGet          
00000e49  SysCtlClockSet          
00000f3d  __aeabi_memcpy          
00000f3d  __aeabi_memcpy4         
00000f3d  __aeabi_memcpy8         
00000f3d  memcpy                  
00000fd9  __aeabi_memclr          
00000fd9  __aeabi_memclr4         
00000fd9  __aeabi_memclr8         
00000fdb  __aeabi_memset          
00000fdb  __aeabi_memset4         
00000fdb  __aeabi_memset8         
00000fe1  memset                  
00001055  __TI_auto_init          
0000112d  _c_int00                
0000117d  I2CMasterInitExpClk     
000011c9  copy_in                 
00001215  GPIOPinConfigure        
0000125d  C$$EXIT                 
00001261  abort                   
00001269  exit                    
000012a1  SysCtlPeripheralEnable  
000012d5  GPIODirModeSet          
000012ff  GPIOPinTypeGPIOOutput   
00001319  _args_main              
00001331  _register_unlock        
00001337  _register_lock          
0000133f  _nop                    
00001345  GPIOPinTypeI2C          
00001357  GPIOPinTypeI2CSCL       
00001369  I2CSlaveEnable          
00001379  __TI_decompress_none    
00001387  ResetISR                
00001393  I2CMasterEnable         
0000139d  I2CMasterBusy           
000013a5  I2CMasterSlaveAddrSet   
000013ad  GPIOPinWrite            
000013b3  SysCtlDelay             
000013b9  __TI_decompress_rle24   
000013bf  I2CMasterControl        
000013c3  I2CMasterDataPut        
000013c7  _system_pre_init        
000013cc  F8X16                   
00002360  __TI_Handler_Table_Base 
00002368  __TI_CINIT_Base         
00002368  __TI_Handler_Table_Limit
00002370  __TI_CINIT_Limit        
20000000  BMP1                    
20000400  BMP2                    
20000800  F16x16                  
20000c00  F6x8                    
20000e28  _lock                   
20000e2c  _unlock                 
20000e30  __TI_cleanup_ptr        
20000e34  __TI_dtors_ptr          
20000e38  main_func_sp            
20000e40  __stack                 
20001040  __STACK_END             
20001040  __STACK_TOP             
ffffffff  __binit__               
ffffffff  __c_args__              
ffffffff  binit                   
UNDEFED   SHT$$INIT_ARRAY$$Base   
UNDEFED   SHT$$INIT_ARRAY$$Limit  

[87 symbols]
